Warning: The given end position (=33.77) for detector 'ild:-10089#4_1' does not lie on the given lane '-10089#4_1' with length 26.78 (adjusting to new position 26.78
Error: Error in specification for E2Detector 'ild:-10089#4_1'. Positional argument is malformed. 0 <= pos < endPos <= lane.getLength() is required.
Warning: The given end position (=33.77) for detector 'ild:-10089#4_2' does not lie on the given lane '-10089#4_2' with length 26.78 (adjusting to new position 26.78
Error: Error in specification for E2Detector 'ild:-10089#4_2'. Positional argument is malformed. 0 <= pos < endPos <= lane.getLength() is required.
Warning: The given end position (=88) for detector 'ild:10089#3_1' does not lie on the given lane '10089#3_1' with length 74.1 (adjusting to new position 74.1
Error: Error in specification for E2Detector 'ild:10089#3_1'. Positional argument is malformed. 0 <= pos < endPos <= lane.getLength() is required.
Warning: The given end position (=88) for detector 'ild:10089#3_2' does not lie on the given lane '10089#3_2' with length 74.1 (adjusting to new position 74.1
Error: Error in specification for E2Detector 'ild:10089#3_2'. Positional argument is malformed. 0 <= pos < endPos <= lane.getLength() is required.
Warning: The given end position (=37.9) for detector 'ild:-10046#0_1' does not lie on the given lane '-10046#0_1' with length 35.72 (adjusting to new position 35.72
Error: Error in specification for E2Detector 'ild:-10046#0_1'. Positional argument is malformed. 0 <= pos < endPos <= lane.getLength() is required.
Warning: The given end position (=35.08) for detector 'ild:10050#0_1' does not lie on the given lane '10050#0_1' with length 34.09 (adjusting to new position 34.09
Error: Error in specification for E2Detector 'ild:10050#0_1'. Positional argument is malformed. 0 <= pos < endPos <= lane.getLength() is required.
Warning: The given end position (=87.36) for detector 'ild:-10089#3_1' does not lie on the given lane '-10089#3_1' with length 73.45 (adjusting to new position 73.45
Error: Error in specification for E2Detector 'ild:-10089#3_1'. Positional argument is malformed. 0 <= pos < endPos <= lane.getLength() is required.
Warning: The given end position (=87.36) for detector 'ild:-10089#3_2' does not lie on the given lane '-10089#3_2' with length 73.45 (adjusting to new position 73.45
Error: Error in specification for E2Detector 'ild:-10089#3_2'. Positional argument is malformed. 0 <= pos < endPos <= lane.getLength() is required.
Warning: The given end position (=22.45) for detector 'ild:10099#3_1' does not lie on the given lane '10099#3_1' with length 20.02 (adjusting to new position 20.02
Error: Error in specification for E2Detector 'ild:10099#3_1'. Positional argument is malformed. 0 <= pos < endPos <= lane.getLength() is required.
Warning: The given end position (=5.88) for detector 'ild:10052#5_1' does not lie on the given lane '10052#5_1' with length 5.48 (adjusting to new position 5.48
Error: Error in specification for E2Detector 'ild:10052#5_1'. Positional argument is malformed. 0 <= pos < endPos <= lane.getLength() is required.
Warning: The given end position (=19.77) for detector 'ild:10180#3_1' does not lie on the given lane '10180#3_1' with length 19.5 (adjusting to new position 19.5
Error: Error in specification for E2Detector 'ild:10180#3_1'. Positional argument is malformed. 0 <= pos < endPos <= lane.getLength() is required.
Warning: The given end position (=30.48) for detector 'ild:10031#0_1' does not lie on the given lane '10031#0_1' with length 29.98 (adjusting to new position 29.98
Error: Error in specification for E2Detector 'ild:10031#0_1'. Positional argument is malformed. 0 <= pos < endPos <= lane.getLength() is required.
Warning: The given end position (=30.48) for detector 'ild:10031#0_2' does not lie on the given lane '10031#0_2' with length 29.98 (adjusting to new position 29.98
Error: Error in specification for E2Detector 'ild:10031#0_2'. Positional argument is malformed. 0 <= pos < endPos <= lane.getLength() is required.
Warning: The given end position (=67.67) for detector 'ild:gneE13_0' does not lie on the given lane 'gneE13_0' with length 66.18 (adjusting to new position 66.18
Error: Error in specification for E2Detector 'ild:gneE13_0'. Positional argument is malformed. 0 <= pos < endPos <= lane.getLength() is required.
Warning: The given end position (=36.54) for detector 'ild:10181#2_1' does not lie on the given lane '10181#2_1' with length 35.06 (adjusting to new position 35.06
Error: Error in specification for E2Detector 'ild:10181#2_1'. Positional argument is malformed. 0 <= pos < endPos <= lane.getLength() is required.
Quitting (on error).
