Warning: Edge '10180#0' already has a dedicated lane for pedestrians. Not adding another one.
Warning: Edge '10180#1' already has a dedicated lane for pedestrians. Not adding another one.
Warning: Found sharp turn with radius 5.04 at the start of edge '-10075#1'.
Warning: Found sharp turn with radius 3.16 at the end of edge '-10078#2'.
Warning: Found sharp turn with radius 3.90 at the end of edge '-10078#3'.
Warning: Found sharp turn with radius 5.04 at the end of edge '10075#1'.
Warning: Found sharp turn with radius 3.16 at the start of edge '10078#2'.
Warning: Edge '-10031#0' is not connected to outgoing edges at junction '9316'.
Warning: Lane '-10031#0_0' is not connected from any incoming edge at junction '9531'.
Warning: Edge '-10031#1' is not connected to outgoing edges at junction '9531'.
Warning: Lane '-10031#1_0' is not connected from any incoming edge at junction '8803'.
Warning: Edge '-10032' is not connected to outgoing edges at junction '9316'.
Warning: Lane '-10032_0' is not connected from any incoming edge at junction '9223'.
Warning: Edge '-10048' is not connected to outgoing edges at junction '9803'.
Warning: Lane '-10048_0' is not connected from any incoming edge at junction '9111'.
Warning: Edge '-10050#0' is not connected to outgoing edges at junction '9111'.
Warning: Lane '-10050#0_0' is not connected from any incoming edge at junction '9153'.
Warning: Minor green from edge '-10089#4' to edge 'gneE4' exceeds 19.44m/s. Maybe a left-turn lane is missing.
Warning: Minor green from edge '10089#3' to edge '10046#0' exceeds 19.44m/s. Maybe a left-turn lane is missing.
Warning: Minor green from edge '-10089#2' to edge '10109' exceeds 19.44m/s. Maybe a left-turn lane is missing.
Warning: Minor green from edge '10089#1' to edge '-10094#3' exceeds 19.44m/s. Maybe a left-turn lane is missing.
Warning: Minor green from edge 'gneE11' to edge 'gneE10' exceeds 19.44m/s. Maybe a left-turn lane is missing.
Warning: Edge '-10043' has a grade of 11.53%.
Warning: Edge '-10046#0' has a grade of 49.45%.
Warning: Edge '-10046#1' has a grade of 109.19%.
Warning: Edge '-10046#5' has a grade of 37.24%.
Warning: Edge '-10049' has a grade of 25.26%.
Warning: Connection '-10080#2_1->-10080#1_1' has a grade of 33.09%.
Warning: Connection '-10085_1->10046#5_1' has a grade of 14.80%.
Warning: Connection '-10106#0_1->10089#0_1' has a grade of 13.27%.
Warning: Connection '-10197#1_1->-10198_1' has a grade of 21.33%.
Warning: Connection '10080#1_1->10080#2_1' has a grade of 15.85%.
Warning: 7 total messages of type: Connection '%' has a grade of %%.
Warning: 176 total messages of type: Edge '%' has a grade of %%.
Warning: 44 total messages of type: Edge '%' is not connected to outgoing edges at junction '%'.
Warning: 6 total messages of type: Found sharp turn with radius % at the % of edge '%'.
Warning: 41 total messages of type: Lane '%' is not connected from any incoming edge at junction '%'.
Warning: 11 total messages of type: Minor green from edge '%' to edge '%' exceeds %m/s. Maybe a left-turn lane is missing.
Success.
